20:22:02 **** Build of configuration Debug for project Parsing ****
make all 
Building file: ../startup/startup_stm32f303xe.s
Invoking: MCU GCC Assembler
C:\GitRepos\monochromator\fw_testdesk\Parsing2\Debug
arm-none-eabi-as -mcpu=cortex-m4 -mthumb -mfloat-abi=hard -mfpu=fpv4-sp-d16 -g -o "startup/startup_stm32f303xe.o" "../startup/startup_stm32f303xe.s"
Finished building: ../startup/startup_stm32f303xe.s
 
Building file: ../Src/main.c
Invoking: MCU GCC Compiler
C:\GitRepos\monochromator\fw_testdesk\Parsing2\Debug
arm-none-eabi-gcc -mcpu=cortex-m4 -mthumb -mfloat-abi=hard -mfpu=fpv4-sp-d16 '-D__weak=__attribute__((weak))' '-D__packed=__attribute__((__packed__))' -DUSE_HAL_DRIVER -DSTM32F303xE -I"C:/GitRepos/monochromator/fw_testdesk/Parsing2/Inc" -I"C:/GitRepos/monochromator/fw_testdesk/Parsing2/Drivers/STM32F3xx_HAL_Driver/Inc" -I"C:/GitRepos/monochromator/fw_testdesk/Parsing2/Drivers/STM32F3xx_HAL_Driver/Inc/Legacy" -I"C:/GitRepos/monochromator/fw_testdesk/Parsing2/Drivers/CMSIS/Device/ST/STM32F3xx/Include" -I"C:/GitRepos/monochromator/fw_testdesk/Parsing2/Drivers/CMSIS/Include"  -Og -g3 -Wall -fmessage-length=0 -ffunction-sections -c -fmessage-length=0 -MMD -MP -MF"Src/main.d" -MT"Src/main.o" -o "Src/main.o" "../Src/main.c"
../Src/main.c: In function 'GoToMinWVL':
../Src/main.c:268:11: warning: unused variable 'i' [-Wunused-variable]
  uint32_t i;
           ^
../Src/main.c: In function 'GoToMaxWVLandCount':
../Src/main.c:278:11: warning: unused variable 'i' [-Wunused-variable]
  uint32_t i;
           ^
../Src/main.c: In function 'GoToMinWVLandCount':
../Src/main.c:290:11: warning: unused variable 'i' [-Wunused-variable]
  uint32_t i;
           ^
../Src/main.c: In function 'calculate':
../Src/main.c:307:27: warning: pointer targets in passing argument 2 of 'HAL_UART_Transmit' differ in signedness [-Wpointer-sign]
 HAL_UART_Transmit(&huart2,sbuffer, sizeof(sbuffer),1000);
                           ^~~~~~~
In file included from C:/GitRepos/monochromator/fw_testdesk/Parsing2/Inc/stm32f3xx_hal_conf.h:316:0,
                 from C:/GitRepos/monochromator/fw_testdesk/Parsing2/Drivers/STM32F3xx_HAL_Driver/Inc/stm32f3xx_hal.h:46,
                 from ../Src/main.c:40:
C:/GitRepos/monochromator/fw_testdesk/Parsing2/Drivers/STM32F3xx_HAL_Driver/Inc/stm32f3xx_hal_uart.h:1351:19: note: expected 'uint8_t * {aka unsigned char *}' but argument is of type 'char *'
 HAL_StatusTypeDef HAL_UART_Transmit(UART_HandleTypeDef *huart, uint8_t *pData, uint16_t Size, uint32_t Timeout);
                   ^~~~~~~~~~~~~~~~~
../Src/main.c: In function 'autocalibration':
../Src/main.c:332:29: warning: pointer targets in passing argument 2 of 'HAL_UART_Transmit' differ in signedness [-Wpointer-sign]
   HAL_UART_Transmit(&huart2,"\r\nError: END STOP FAILURE\r\n",sizeof("\r\nError: END STOP FAILURE\r\n"),100);
                             ^~~~~~~~~~~~~~~~~~~~~~~~~~~~~~~~~
In file included from C:/GitRepos/monochromator/fw_testdesk/Parsing2/Inc/stm32f3xx_hal_conf.h:316:0,
                 from C:/GitRepos/monochromator/fw_testdesk/Parsing2/Drivers/STM32F3xx_HAL_Driver/Inc/stm32f3xx_hal.h:46,
                 from ../Src/main.c:40:
C:/GitRepos/monochromator/fw_testdesk/Parsing2/Drivers/STM32F3xx_HAL_Driver/Inc/stm32f3xx_hal_uart.h:1351:19: note: expected 'uint8_t * {aka unsigned char *}' but argument is of type 'char *'
 HAL_StatusTypeDef HAL_UART_Transmit(UART_HandleTypeDef *huart, uint8_t *pData, uint16_t Size, uint32_t Timeout);
                   ^~~~~~~~~~~~~~~~~
../Src/main.c:311:11: warning: unused variable 'i' [-Wunused-variable]
  uint32_t i; uint32_t number_of_steps;
           ^
../Src/main.c: In function 'get_current_position':
../Src/main.c:389:10: warning: pointer targets in passing argument 1 of 'sprintf' differ in signedness [-Wpointer-sign]
  sprintf(txBuffer,"%d",current_position);
          ^~~~~~~~
In file included from c:\ac6\systemworkbench\plugins\fr.ac6.mcu.externaltools.arm-none.win32_1.15.0.201708311556\tools\compiler\arm-none-eabi\include\stdio.h:29:0,
                 from C:/GitRepos/monochromator/fw_testdesk/Parsing2/Drivers/STM32F3xx_HAL_Driver/Inc/stm32f3xx_hal_def.h:50,
                 from C:/GitRepos/monochromator/fw_testdesk/Parsing2/Drivers/STM32F3xx_HAL_Driver/Inc/stm32f3xx_hal_rcc.h:45,
                 from C:/GitRepos/monochromator/fw_testdesk/Parsing2/Inc/stm32f3xx_hal_conf.h:196,
                 from C:/GitRepos/monochromator/fw_testdesk/Parsing2/Drivers/STM32F3xx_HAL_Driver/Inc/stm32f3xx_hal.h:46,
                 from ../Src/main.c:40:
c:\ac6\systemworkbench\plugins\fr.ac6.mcu.externaltools.arm-none.win32_1.15.0.201708311556\tools\compiler\arm-none-eabi\include\stdio.h:244:5: note: expected 'char * restrict' but argument is of type 'uint8_t * {aka unsigned char *}'
 int _EXFUN(sprintf, (char *__restrict, const char *__restrict, ...)
     ^
../Src/main.c:389:21: warning: format '%d' expects argument of type 'int', but argument 3 has type 'uint32_t {aka long unsigned int}' [-Wformat=]
  sprintf(txBuffer,"%d",current_position);
                     ^
../Src/main.c: In function 'buffer_analyze':
../Src/main.c:402:6: warning: implicit declaration of function 'strcmp' [-Wimplicit-function-declaration]
   if(strcmp(buffer[0],'x')==0)
      ^~~~~~
../Src/main.c:413:7: warning: implicit declaration of function 'strncmp' [-Wimplicit-function-declaration]
    if(strncmp(cmd,"aucal",5)==0){autocalibration();}
       ^~~~~~~
../Src/main.c:420:23: warning: format '%d' expects argument of type 'int', but argument 3 has type 'long int' [-Wformat=]
     sprintf(sbuffer,"%d",atol(nm_1));
                       ^
../Src/main.c:421:31: warning: pointer targets in passing argument 2 of 'HAL_UART_Transmit' differ in signedness [-Wpointer-sign]
     HAL_UART_Transmit(&huart2,sbuffer, sizeof(sbuffer),1000);
                               ^~~~~~~
In file included from C:/GitRepos/monochromator/fw_testdesk/Parsing2/Inc/stm32f3xx_hal_conf.h:316:0,
                 from C:/GitRepos/monochromator/fw_testdesk/Parsing2/Drivers/STM32F3xx_HAL_Driver/Inc/stm32f3xx_hal.h:46,
                 from ../Src/main.c:40:
C:/GitRepos/monochromator/fw_testdesk/Parsing2/Drivers/STM32F3xx_HAL_Driver/Inc/stm32f3xx_hal_uart.h:1351:19: note: expected 'uint8_t * {aka unsigned char *}' but argument is of type 'char *'
 HAL_StatusTypeDef HAL_UART_Transmit(UART_HandleTypeDef *huart, uint8_t *pData, uint16_t Size, uint32_t Timeout);
                   ^~~~~~~~~~~~~~~~~
../Src/main.c:422:31: warning: pointer targets in passing argument 2 of 'HAL_UART_Transmit' differ in signedness [-Wpointer-sign]
     HAL_UART_Transmit(&huart2,nm_1, sizeof(nm_1),1000);
                               ^~~~
In file included from C:/GitRepos/monochromator/fw_testdesk/Parsing2/Inc/stm32f3xx_hal_conf.h:316:0,
                 from C:/GitRepos/monochromator/fw_testdesk/Parsing2/Drivers/STM32F3xx_HAL_Driver/Inc/stm32f3xx_hal.h:46,
                 from ../Src/main.c:40:
C:/GitRepos/monochromator/fw_testdesk/Parsing2/Drivers/STM32F3xx_HAL_Driver/Inc/stm32f3xx_hal_uart.h:1351:19: note: expected 'uint8_t * {aka unsigned char *}' but argument is of type 'char *'
 HAL_StatusTypeDef HAL_UART_Transmit(UART_HandleTypeDef *huart, uint8_t *pData, uint16_t Size, uint32_t Timeout);
                   ^~~~~~~~~~~~~~~~~
../Src/main.c:425:13: warning: pointer targets in passing argument 1 of 'sprintf' differ in signedness [-Wpointer-sign]
     sprintf(txBuffer,"\r\nCommand not recognized\r\n");
             ^~~~~~~~
In file included from c:\ac6\systemworkbench\plugins\fr.ac6.mcu.externaltools.arm-none.win32_1.15.0.201708311556\tools\compiler\arm-none-eabi\include\stdio.h:29:0,
                 from C:/GitRepos/monochromator/fw_testdesk/Parsing2/Drivers/STM32F3xx_HAL_Driver/Inc/stm32f3xx_hal_def.h:50,
                 from C:/GitRepos/monochromator/fw_testdesk/Parsing2/Drivers/STM32F3xx_HAL_Driver/Inc/stm32f3xx_hal_rcc.h:45,
                 from C:/GitRepos/monochromator/fw_testdesk/Parsing2/Inc/stm32f3xx_hal_conf.h:196,
                 from C:/GitRepos/monochromator/fw_testdesk/Parsing2/Drivers/STM32F3xx_HAL_Driver/Inc/stm32f3xx_hal.h:46,
                 from ../Src/main.c:40:
c:\ac6\systemworkbench\plugins\fr.ac6.mcu.externaltools.arm-none.win32_1.15.0.201708311556\tools\compiler\arm-none-eabi\include\stdio.h:244:5: note: expected 'char * restrict' but argument is of type 'uint8_t * {aka unsigned char *}'
 int _EXFUN(sprintf, (char *__restrict, const char *__restrict, ...)
     ^
../Src/main.c:429:37: warning: pointer targets in passing argument 2 of 'HAL_UART_Transmit_IT' differ in signedness [-Wpointer-sign]
   else HAL_UART_Transmit_IT(&huart2,"\r\nError: Transmision error\r\n",28);
                                     ^~~~~~~~~~~~~~~~~~~~~~~~~~~~~~~~~~
In file included from C:/GitRepos/monochromator/fw_testdesk/Parsing2/Inc/stm32f3xx_hal_conf.h:316:0,
                 from C:/GitRepos/monochromator/fw_testdesk/Parsing2/Drivers/STM32F3xx_HAL_Driver/Inc/stm32f3xx_hal.h:46,
                 from ../Src/main.c:40:
C:/GitRepos/monochromator/fw_testdesk/Parsing2/Drivers/STM32F3xx_HAL_Driver/Inc/stm32f3xx_hal_uart.h:1353:19: note: expected 'uint8_t * {aka unsigned char *}' but argument is of type 'char *'
 HAL_StatusTypeDef HAL_UART_Transmit_IT(UART_HandleTypeDef *huart, uint8_t *pData, uint16_t Size);
                   ^~~~~~~~~~~~~~~~~~~~
../Src/main.c:398:7: warning: unused variable 'c' [-Wunused-variable]
  char c='x';
       ^
../Src/main.c: In function 'HAL_UART_RxCpltCallback':
../Src/main.c:443:2: warning: implicit declaration of function 'memcpy' [-Wimplicit-function-declaration]
  memcpy(aBuffer,rxBuffer,sizeof(rxBuffer));
  ^~~~~~
../Src/main.c:443:2: warning: incompatible implicit declaration of built-in function 'memcpy'
../Src/main.c:443:2: note: include '<string.h>' or provide a declaration of 'memcpy'
../Src/main.c: In function 'buffer_analyze':
../Src/main.c:432:1: warning: control reaches end of non-void function [-Wreturn-type]
 }
 ^
../Src/main.c:410:21: warning: iteration 4 invokes undefined behavior [-Waggressive-loop-optimizations]
     end_of_packet[i]=buffer[i+6];
     ~~~~~~~~~~~~~~~~^~~~~~~~~~~~
../Src/main.c:408:4: note: within this loop
    for(i=0;i<=5;i++)
    ^~~
../Src/main.c: In function 'GoToMaxWVLandCount':
../Src/main.c:285:9: warning: 'STEP_COUNT' may be used uninitialized in this function [-Wmaybe-uninitialized]
  return STEP_COUNT;
         ^~~~~~~~~~
../Src/main.c: In function 'GoToMinWVLandCount':
../Src/main.c:297:9: warning: 'STEP_COUNT' may be used uninitialized in this function [-Wmaybe-uninitialized]
  return STEP_COUNT;
         ^~~~~~~~~~
Finished building: ../Src/main.c
 
Building file: ../Src/stm32f3xx_hal_msp.c
Invoking: MCU GCC Compiler
C:\GitRepos\monochromator\fw_testdesk\Parsing2\Debug
arm-none-eabi-gcc -mcpu=cortex-m4 -mthumb -mfloat-abi=hard -mfpu=fpv4-sp-d16 '-D__weak=__attribute__((weak))' '-D__packed=__attribute__((__packed__))' -DUSE_HAL_DRIVER -DSTM32F303xE -I"C:/GitRepos/monochromator/fw_testdesk/Parsing2/Inc" -I"C:/GitRepos/monochromator/fw_testdesk/Parsing2/Drivers/STM32F3xx_HAL_Driver/Inc" -I"C:/GitRepos/monochromator/fw_testdesk/Parsing2/Drivers/STM32F3xx_HAL_Driver/Inc/Legacy" -I"C:/GitRepos/monochromator/fw_testdesk/Parsing2/Drivers/CMSIS/Device/ST/STM32F3xx/Include" -I"C:/GitRepos/monochromator/fw_testdesk/Parsing2/Drivers/CMSIS/Include"  -Og -g3 -Wall -fmessage-length=0 -ffunction-sections -c -fmessage-length=0 -MMD -MP -MF"Src/stm32f3xx_hal_msp.d" -MT"Src/stm32f3xx_hal_msp.o" -o "Src/stm32f3xx_hal_msp.o" "../Src/stm32f3xx_hal_msp.c"
Finished building: ../Src/stm32f3xx_hal_msp.c
 
Building file: ../Src/stm32f3xx_it.c
Invoking: MCU GCC Compiler
C:\GitRepos\monochromator\fw_testdesk\Parsing2\Debug
arm-none-eabi-gcc -mcpu=cortex-m4 -mthumb -mfloat-abi=hard -mfpu=fpv4-sp-d16 '-D__weak=__attribute__((weak))' '-D__packed=__attribute__((__packed__))' -DUSE_HAL_DRIVER -DSTM32F303xE -I"C:/GitRepos/monochromator/fw_testdesk/Parsing2/Inc" -I"C:/GitRepos/monochromator/fw_testdesk/Parsing2/Drivers/STM32F3xx_HAL_Driver/Inc" -I"C:/GitRepos/monochromator/fw_testdesk/Parsing2/Drivers/STM32F3xx_HAL_Driver/Inc/Legacy" -I"C:/GitRepos/monochromator/fw_testdesk/Parsing2/Drivers/CMSIS/Device/ST/STM32F3xx/Include" -I"C:/GitRepos/monochromator/fw_testdesk/Parsing2/Drivers/CMSIS/Include"  -Og -g3 -Wall -fmessage-length=0 -ffunction-sections -c -fmessage-length=0 -MMD -MP -MF"Src/stm32f3xx_it.d" -MT"Src/stm32f3xx_it.o" -o "Src/stm32f3xx_it.o" "../Src/stm32f3xx_it.c"
Finished building: ../Src/stm32f3xx_it.c
 
Building file: ../Src/system_stm32f3xx.c
Invoking: MCU GCC Compiler
C:\GitRepos\monochromator\fw_testdesk\Parsing2\Debug
arm-none-eabi-gcc -mcpu=cortex-m4 -mthumb -mfloat-abi=hard -mfpu=fpv4-sp-d16 '-D__weak=__attribute__((weak))' '-D__packed=__attribute__((__packed__))' -DUSE_HAL_DRIVER -DSTM32F303xE -I"C:/GitRepos/monochromator/fw_testdesk/Parsing2/Inc" -I"C:/GitRepos/monochromator/fw_testdesk/Parsing2/Drivers/STM32F3xx_HAL_Driver/Inc" -I"C:/GitRepos/monochromator/fw_testdesk/Parsing2/Drivers/STM32F3xx_HAL_Driver/Inc/Legacy" -I"C:/GitRepos/monochromator/fw_testdesk/Parsing2/Drivers/CMSIS/Device/ST/STM32F3xx/Include" -I"C:/GitRepos/monochromator/fw_testdesk/Parsing2/Drivers/CMSIS/Include"  -Og -g3 -Wall -fmessage-length=0 -ffunction-sections -c -fmessage-length=0 -MMD -MP -MF"Src/system_stm32f3xx.d" -MT"Src/system_stm32f3xx.o" -o "Src/system_stm32f3xx.o" "../Src/system_stm32f3xx.c"
Finished building: ../Src/system_stm32f3xx.c
 
Building file: ../Drivers/STM32F3xx_HAL_Driver/Src/stm32f3xx_hal.c
Invoking: MCU GCC Compiler
C:\GitRepos\monochromator\fw_testdesk\Parsing2\Debug
arm-none-eabi-gcc -mcpu=cortex-m4 -mthumb -mfloat-abi=hard -mfpu=fpv4-sp-d16 '-D__weak=__attribute__((weak))' '-D__packed=__attribute__((__packed__))' -DUSE_HAL_DRIVER -DSTM32F303xE -I"C:/GitRepos/monochromator/fw_testdesk/Parsing2/Inc" -I"C:/GitRepos/monochromator/fw_testdesk/Parsing2/Drivers/STM32F3xx_HAL_Driver/Inc" -I"C:/GitRepos/monochromator/fw_testdesk/Parsing2/Drivers/STM32F3xx_HAL_Driver/Inc/Legacy" -I"C:/GitRepos/monochromator/fw_testdesk/Parsing2/Drivers/CMSIS/Device/ST/STM32F3xx/Include" -I"C:/GitRepos/monochromator/fw_testdesk/Parsing2/Drivers/CMSIS/Include"  -Og -g3 -Wall -fmessage-length=0 -ffunction-sections -c -fmessage-length=0 -MMD -MP -MF"Drivers/STM32F3xx_HAL_Driver/Src/stm32f3xx_hal.d" -MT"Drivers/STM32F3xx_HAL_Driver/Src/stm32f3xx_hal.o" -o "Drivers/STM32F3xx_HAL_Driver/Src/stm32f3xx_hal.o" "../Drivers/STM32F3xx_HAL_Driver/Src/stm32f3xx_hal.c"
Finished building: ../Drivers/STM32F3xx_HAL_Driver/Src/stm32f3xx_hal.c
 
Building file: ../Drivers/STM32F3xx_HAL_Driver/Src/stm32f3xx_hal_cortex.c
Invoking: MCU GCC Compiler
C:\GitRepos\monochromator\fw_testdesk\Parsing2\Debug
arm-none-eabi-gcc -mcpu=cortex-m4 -mthumb -mfloat-abi=hard -mfpu=fpv4-sp-d16 '-D__weak=__attribute__((weak))' '-D__packed=__attribute__((__packed__))' -DUSE_HAL_DRIVER -DSTM32F303xE -I"C:/GitRepos/monochromator/fw_testdesk/Parsing2/Inc" -I"C:/GitRepos/monochromator/fw_testdesk/Parsing2/Drivers/STM32F3xx_HAL_Driver/Inc" -I"C:/GitRepos/monochromator/fw_testdesk/Parsing2/Drivers/STM32F3xx_HAL_Driver/Inc/Legacy" -I"C:/GitRepos/monochromator/fw_testdesk/Parsing2/Drivers/CMSIS/Device/ST/STM32F3xx/Include" -I"C:/GitRepos/monochromator/fw_testdesk/Parsing2/Drivers/CMSIS/Include"  -Og -g3 -Wall -fmessage-length=0 -ffunction-sections -c -fmessage-length=0 -MMD -MP -MF"Drivers/STM32F3xx_HAL_Driver/Src/stm32f3xx_hal_cortex.d" -MT"Drivers/STM32F3xx_HAL_Driver/Src/stm32f3xx_hal_cortex.o" -o "Drivers/STM32F3xx_HAL_Driver/Src/stm32f3xx_hal_cortex.o" "../Drivers/STM32F3xx_HAL_Driver/Src/stm32f3xx_hal_cortex.c"
Finished building: ../Drivers/STM32F3xx_HAL_Driver/Src/stm32f3xx_hal_cortex.c
 
Building file: ../Drivers/STM32F3xx_HAL_Driver/Src/stm32f3xx_hal_dma.c
Invoking: MCU GCC Compiler
C:\GitRepos\monochromator\fw_testdesk\Parsing2\Debug
arm-none-eabi-gcc -mcpu=cortex-m4 -mthumb -mfloat-abi=hard -mfpu=fpv4-sp-d16 '-D__weak=__attribute__((weak))' '-D__packed=__attribute__((__packed__))' -DUSE_HAL_DRIVER -DSTM32F303xE -I"C:/GitRepos/monochromator/fw_testdesk/Parsing2/Inc" -I"C:/GitRepos/monochromator/fw_testdesk/Parsing2/Drivers/STM32F3xx_HAL_Driver/Inc" -I"C:/GitRepos/monochromator/fw_testdesk/Parsing2/Drivers/STM32F3xx_HAL_Driver/Inc/Legacy" -I"C:/GitRepos/monochromator/fw_testdesk/Parsing2/Drivers/CMSIS/Device/ST/STM32F3xx/Include" -I"C:/GitRepos/monochromator/fw_testdesk/Parsing2/Drivers/CMSIS/Include"  -Og -g3 -Wall -fmessage-length=0 -ffunction-sections -c -fmessage-length=0 -MMD -MP -MF"Drivers/STM32F3xx_HAL_Driver/Src/stm32f3xx_hal_dma.d" -MT"Drivers/STM32F3xx_HAL_Driver/Src/stm32f3xx_hal_dma.o" -o "Drivers/STM32F3xx_HAL_Driver/Src/stm32f3xx_hal_dma.o" "../Drivers/STM32F3xx_HAL_Driver/Src/stm32f3xx_hal_dma.c"
Finished building: ../Drivers/STM32F3xx_HAL_Driver/Src/stm32f3xx_hal_dma.c
 
Building file: ../Drivers/STM32F3xx_HAL_Driver/Src/stm32f3xx_hal_flash.c
Invoking: MCU GCC Compiler
C:\GitRepos\monochromator\fw_testdesk\Parsing2\Debug
arm-none-eabi-gcc -mcpu=cortex-m4 -mthumb -mfloat-abi=hard -mfpu=fpv4-sp-d16 '-D__weak=__attribute__((weak))' '-D__packed=__attribute__((__packed__))' -DUSE_HAL_DRIVER -DSTM32F303xE -I"C:/GitRepos/monochromator/fw_testdesk/Parsing2/Inc" -I"C:/GitRepos/monochromator/fw_testdesk/Parsing2/Drivers/STM32F3xx_HAL_Driver/Inc" -I"C:/GitRepos/monochromator/fw_testdesk/Parsing2/Drivers/STM32F3xx_HAL_Driver/Inc/Legacy" -I"C:/GitRepos/monochromator/fw_testdesk/Parsing2/Drivers/CMSIS/Device/ST/STM32F3xx/Include" -I"C:/GitRepos/monochromator/fw_testdesk/Parsing2/Drivers/CMSIS/Include"  -Og -g3 -Wall -fmessage-length=0 -ffunction-sections -c -fmessage-length=0 -MMD -MP -MF"Drivers/STM32F3xx_HAL_Driver/Src/stm32f3xx_hal_flash.d" -MT"Drivers/STM32F3xx_HAL_Driver/Src/stm32f3xx_hal_flash.o" -o "Drivers/STM32F3xx_HAL_Driver/Src/stm32f3xx_hal_flash.o" "../Drivers/STM32F3xx_HAL_Driver/Src/stm32f3xx_hal_flash.c"
Finished building: ../Drivers/STM32F3xx_HAL_Driver/Src/stm32f3xx_hal_flash.c
 
Building file: ../Drivers/STM32F3xx_HAL_Driver/Src/stm32f3xx_hal_flash_ex.c
Invoking: MCU GCC Compiler
C:\GitRepos\monochromator\fw_testdesk\Parsing2\Debug
arm-none-eabi-gcc -mcpu=cortex-m4 -mthumb -mfloat-abi=hard -mfpu=fpv4-sp-d16 '-D__weak=__attribute__((weak))' '-D__packed=__attribute__((__packed__))' -DUSE_HAL_DRIVER -DSTM32F303xE -I"C:/GitRepos/monochromator/fw_testdesk/Parsing2/Inc" -I"C:/GitRepos/monochromator/fw_testdesk/Parsing2/Drivers/STM32F3xx_HAL_Driver/Inc" -I"C:/GitRepos/monochromator/fw_testdesk/Parsing2/Drivers/STM32F3xx_HAL_Driver/Inc/Legacy" -I"C:/GitRepos/monochromator/fw_testdesk/Parsing2/Drivers/CMSIS/Device/ST/STM32F3xx/Include" -I"C:/GitRepos/monochromator/fw_testdesk/Parsing2/Drivers/CMSIS/Include"  -Og -g3 -Wall -fmessage-length=0 -ffunction-sections -c -fmessage-length=0 -MMD -MP -MF"Drivers/STM32F3xx_HAL_Driver/Src/stm32f3xx_hal_flash_ex.d" -MT"Drivers/STM32F3xx_HAL_Driver/Src/stm32f3xx_hal_flash_ex.o" -o "Drivers/STM32F3xx_HAL_Driver/Src/stm32f3xx_hal_flash_ex.o" "../Drivers/STM32F3xx_HAL_Driver/Src/stm32f3xx_hal_flash_ex.c"
Finished building: ../Drivers/STM32F3xx_HAL_Driver/Src/stm32f3xx_hal_flash_ex.c
 
Building file: ../Drivers/STM32F3xx_HAL_Driver/Src/stm32f3xx_hal_gpio.c
Invoking: MCU GCC Compiler
C:\GitRepos\monochromator\fw_testdesk\Parsing2\Debug
arm-none-eabi-gcc -mcpu=cortex-m4 -mthumb -mfloat-abi=hard -mfpu=fpv4-sp-d16 '-D__weak=__attribute__((weak))' '-D__packed=__attribute__((__packed__))' -DUSE_HAL_DRIVER -DSTM32F303xE -I"C:/GitRepos/monochromator/fw_testdesk/Parsing2/Inc" -I"C:/GitRepos/monochromator/fw_testdesk/Parsing2/Drivers/STM32F3xx_HAL_Driver/Inc" -I"C:/GitRepos/monochromator/fw_testdesk/Parsing2/Drivers/STM32F3xx_HAL_Driver/Inc/Legacy" -I"C:/GitRepos/monochromator/fw_testdesk/Parsing2/Drivers/CMSIS/Device/ST/STM32F3xx/Include" -I"C:/GitRepos/monochromator/fw_testdesk/Parsing2/Drivers/CMSIS/Include"  -Og -g3 -Wall -fmessage-length=0 -ffunction-sections -c -fmessage-length=0 -MMD -MP -MF"Drivers/STM32F3xx_HAL_Driver/Src/stm32f3xx_hal_gpio.d" -MT"Drivers/STM32F3xx_HAL_Driver/Src/stm32f3xx_hal_gpio.o" -o "Drivers/STM32F3xx_HAL_Driver/Src/stm32f3xx_hal_gpio.o" "../Drivers/STM32F3xx_HAL_Driver/Src/stm32f3xx_hal_gpio.c"
Finished building: ../Drivers/STM32F3xx_HAL_Driver/Src/stm32f3xx_hal_gpio.c
 
Building file: ../Drivers/STM32F3xx_HAL_Driver/Src/stm32f3xx_hal_i2c.c
Invoking: MCU GCC Compiler
C:\GitRepos\monochromator\fw_testdesk\Parsing2\Debug
arm-none-eabi-gcc -mcpu=cortex-m4 -mthumb -mfloat-abi=hard -mfpu=fpv4-sp-d16 '-D__weak=__attribute__((weak))' '-D__packed=__attribute__((__packed__))' -DUSE_HAL_DRIVER -DSTM32F303xE -I"C:/GitRepos/monochromator/fw_testdesk/Parsing2/Inc" -I"C:/GitRepos/monochromator/fw_testdesk/Parsing2/Drivers/STM32F3xx_HAL_Driver/Inc" -I"C:/GitRepos/monochromator/fw_testdesk/Parsing2/Drivers/STM32F3xx_HAL_Driver/Inc/Legacy" -I"C:/GitRepos/monochromator/fw_testdesk/Parsing2/Drivers/CMSIS/Device/ST/STM32F3xx/Include" -I"C:/GitRepos/monochromator/fw_testdesk/Parsing2/Drivers/CMSIS/Include"  -Og -g3 -Wall -fmessage-length=0 -ffunction-sections -c -fmessage-length=0 -MMD -MP -MF"Drivers/STM32F3xx_HAL_Driver/Src/stm32f3xx_hal_i2c.d" -MT"Drivers/STM32F3xx_HAL_Driver/Src/stm32f3xx_hal_i2c.o" -o "Drivers/STM32F3xx_HAL_Driver/Src/stm32f3xx_hal_i2c.o" "../Drivers/STM32F3xx_HAL_Driver/Src/stm32f3xx_hal_i2c.c"
Finished building: ../Drivers/STM32F3xx_HAL_Driver/Src/stm32f3xx_hal_i2c.c
 
Building file: ../Drivers/STM32F3xx_HAL_Driver/Src/stm32f3xx_hal_i2c_ex.c
Invoking: MCU GCC Compiler
C:\GitRepos\monochromator\fw_testdesk\Parsing2\Debug
arm-none-eabi-gcc -mcpu=cortex-m4 -mthumb -mfloat-abi=hard -mfpu=fpv4-sp-d16 '-D__weak=__attribute__((weak))' '-D__packed=__attribute__((__packed__))' -DUSE_HAL_DRIVER -DSTM32F303xE -I"C:/GitRepos/monochromator/fw_testdesk/Parsing2/Inc" -I"C:/GitRepos/monochromator/fw_testdesk/Parsing2/Drivers/STM32F3xx_HAL_Driver/Inc" -I"C:/GitRepos/monochromator/fw_testdesk/Parsing2/Drivers/STM32F3xx_HAL_Driver/Inc/Legacy" -I"C:/GitRepos/monochromator/fw_testdesk/Parsing2/Drivers/CMSIS/Device/ST/STM32F3xx/Include" -I"C:/GitRepos/monochromator/fw_testdesk/Parsing2/Drivers/CMSIS/Include"  -Og -g3 -Wall -fmessage-length=0 -ffunction-sections -c -fmessage-length=0 -MMD -MP -MF"Drivers/STM32F3xx_HAL_Driver/Src/stm32f3xx_hal_i2c_ex.d" -MT"Drivers/STM32F3xx_HAL_Driver/Src/stm32f3xx_hal_i2c_ex.o" -o "Drivers/STM32F3xx_HAL_Driver/Src/stm32f3xx_hal_i2c_ex.o" "../Drivers/STM32F3xx_HAL_Driver/Src/stm32f3xx_hal_i2c_ex.c"
Finished building: ../Drivers/STM32F3xx_HAL_Driver/Src/stm32f3xx_hal_i2c_ex.c
 
Building file: ../Drivers/STM32F3xx_HAL_Driver/Src/stm32f3xx_hal_pwr.c
Invoking: MCU GCC Compiler
C:\GitRepos\monochromator\fw_testdesk\Parsing2\Debug
arm-none-eabi-gcc -mcpu=cortex-m4 -mthumb -mfloat-abi=hard -mfpu=fpv4-sp-d16 '-D__weak=__attribute__((weak))' '-D__packed=__attribute__((__packed__))' -DUSE_HAL_DRIVER -DSTM32F303xE -I"C:/GitRepos/monochromator/fw_testdesk/Parsing2/Inc" -I"C:/GitRepos/monochromator/fw_testdesk/Parsing2/Drivers/STM32F3xx_HAL_Driver/Inc" -I"C:/GitRepos/monochromator/fw_testdesk/Parsing2/Drivers/STM32F3xx_HAL_Driver/Inc/Legacy" -I"C:/GitRepos/monochromator/fw_testdesk/Parsing2/Drivers/CMSIS/Device/ST/STM32F3xx/Include" -I"C:/GitRepos/monochromator/fw_testdesk/Parsing2/Drivers/CMSIS/Include"  -Og -g3 -Wall -fmessage-length=0 -ffunction-sections -c -fmessage-length=0 -MMD -MP -MF"Drivers/STM32F3xx_HAL_Driver/Src/stm32f3xx_hal_pwr.d" -MT"Drivers/STM32F3xx_HAL_Driver/Src/stm32f3xx_hal_pwr.o" -o "Drivers/STM32F3xx_HAL_Driver/Src/stm32f3xx_hal_pwr.o" "../Drivers/STM32F3xx_HAL_Driver/Src/stm32f3xx_hal_pwr.c"
Finished building: ../Drivers/STM32F3xx_HAL_Driver/Src/stm32f3xx_hal_pwr.c
 
Building file: ../Drivers/STM32F3xx_HAL_Driver/Src/stm32f3xx_hal_pwr_ex.c
Invoking: MCU GCC Compiler
C:\GitRepos\monochromator\fw_testdesk\Parsing2\Debug
arm-none-eabi-gcc -mcpu=cortex-m4 -mthumb -mfloat-abi=hard -mfpu=fpv4-sp-d16 '-D__weak=__attribute__((weak))' '-D__packed=__attribute__((__packed__))' -DUSE_HAL_DRIVER -DSTM32F303xE -I"C:/GitRepos/monochromator/fw_testdesk/Parsing2/Inc" -I"C:/GitRepos/monochromator/fw_testdesk/Parsing2/Drivers/STM32F3xx_HAL_Driver/Inc" -I"C:/GitRepos/monochromator/fw_testdesk/Parsing2/Drivers/STM32F3xx_HAL_Driver/Inc/Legacy" -I"C:/GitRepos/monochromator/fw_testdesk/Parsing2/Drivers/CMSIS/Device/ST/STM32F3xx/Include" -I"C:/GitRepos/monochromator/fw_testdesk/Parsing2/Drivers/CMSIS/Include"  -Og -g3 -Wall -fmessage-length=0 -ffunction-sections -c -fmessage-length=0 -MMD -MP -MF"Drivers/STM32F3xx_HAL_Driver/Src/stm32f3xx_hal_pwr_ex.d" -MT"Drivers/STM32F3xx_HAL_Driver/Src/stm32f3xx_hal_pwr_ex.o" -o "Drivers/STM32F3xx_HAL_Driver/Src/stm32f3xx_hal_pwr_ex.o" "../Drivers/STM32F3xx_HAL_Driver/Src/stm32f3xx_hal_pwr_ex.c"
Finished building: ../Drivers/STM32F3xx_HAL_Driver/Src/stm32f3xx_hal_pwr_ex.c
 
Building file: ../Drivers/STM32F3xx_HAL_Driver/Src/stm32f3xx_hal_rcc.c
Invoking: MCU GCC Compiler
C:\GitRepos\monochromator\fw_testdesk\Parsing2\Debug
arm-none-eabi-gcc -mcpu=cortex-m4 -mthumb -mfloat-abi=hard -mfpu=fpv4-sp-d16 '-D__weak=__attribute__((weak))' '-D__packed=__attribute__((__packed__))' -DUSE_HAL_DRIVER -DSTM32F303xE -I"C:/GitRepos/monochromator/fw_testdesk/Parsing2/Inc" -I"C:/GitRepos/monochromator/fw_testdesk/Parsing2/Drivers/STM32F3xx_HAL_Driver/Inc" -I"C:/GitRepos/monochromator/fw_testdesk/Parsing2/Drivers/STM32F3xx_HAL_Driver/Inc/Legacy" -I"C:/GitRepos/monochromator/fw_testdesk/Parsing2/Drivers/CMSIS/Device/ST/STM32F3xx/Include" -I"C:/GitRepos/monochromator/fw_testdesk/Parsing2/Drivers/CMSIS/Include"  -Og -g3 -Wall -fmessage-length=0 -ffunction-sections -c -fmessage-length=0 -MMD -MP -MF"Drivers/STM32F3xx_HAL_Driver/Src/stm32f3xx_hal_rcc.d" -MT"Drivers/STM32F3xx_HAL_Driver/Src/stm32f3xx_hal_rcc.o" -o "Drivers/STM32F3xx_HAL_Driver/Src/stm32f3xx_hal_rcc.o" "../Drivers/STM32F3xx_HAL_Driver/Src/stm32f3xx_hal_rcc.c"
Finished building: ../Drivers/STM32F3xx_HAL_Driver/Src/stm32f3xx_hal_rcc.c
 
Building file: ../Drivers/STM32F3xx_HAL_Driver/Src/stm32f3xx_hal_rcc_ex.c
Invoking: MCU GCC Compiler
C:\GitRepos\monochromator\fw_testdesk\Parsing2\Debug
arm-none-eabi-gcc -mcpu=cortex-m4 -mthumb -mfloat-abi=hard -mfpu=fpv4-sp-d16 '-D__weak=__attribute__((weak))' '-D__packed=__attribute__((__packed__))' -DUSE_HAL_DRIVER -DSTM32F303xE -I"C:/GitRepos/monochromator/fw_testdesk/Parsing2/Inc" -I"C:/GitRepos/monochromator/fw_testdesk/Parsing2/Drivers/STM32F3xx_HAL_Driver/Inc" -I"C:/GitRepos/monochromator/fw_testdesk/Parsing2/Drivers/STM32F3xx_HAL_Driver/Inc/Legacy" -I"C:/GitRepos/monochromator/fw_testdesk/Parsing2/Drivers/CMSIS/Device/ST/STM32F3xx/Include" -I"C:/GitRepos/monochromator/fw_testdesk/Parsing2/Drivers/CMSIS/Include"  -Og -g3 -Wall -fmessage-length=0 -ffunction-sections -c -fmessage-length=0 -MMD -MP -MF"Drivers/STM32F3xx_HAL_Driver/Src/stm32f3xx_hal_rcc_ex.d" -MT"Drivers/STM32F3xx_HAL_Driver/Src/stm32f3xx_hal_rcc_ex.o" -o "Drivers/STM32F3xx_HAL_Driver/Src/stm32f3xx_hal_rcc_ex.o" "../Drivers/STM32F3xx_HAL_Driver/Src/stm32f3xx_hal_rcc_ex.c"
Finished building: ../Drivers/STM32F3xx_HAL_Driver/Src/stm32f3xx_hal_rcc_ex.c
 
Building file: ../Drivers/STM32F3xx_HAL_Driver/Src/stm32f3xx_hal_tim.c
Invoking: MCU GCC Compiler
C:\GitRepos\monochromator\fw_testdesk\Parsing2\Debug
arm-none-eabi-gcc -mcpu=cortex-m4 -mthumb -mfloat-abi=hard -mfpu=fpv4-sp-d16 '-D__weak=__attribute__((weak))' '-D__packed=__attribute__((__packed__))' -DUSE_HAL_DRIVER -DSTM32F303xE -I"C:/GitRepos/monochromator/fw_testdesk/Parsing2/Inc" -I"C:/GitRepos/monochromator/fw_testdesk/Parsing2/Drivers/STM32F3xx_HAL_Driver/Inc" -I"C:/GitRepos/monochromator/fw_testdesk/Parsing2/Drivers/STM32F3xx_HAL_Driver/Inc/Legacy" -I"C:/GitRepos/monochromator/fw_testdesk/Parsing2/Drivers/CMSIS/Device/ST/STM32F3xx/Include" -I"C:/GitRepos/monochromator/fw_testdesk/Parsing2/Drivers/CMSIS/Include"  -Og -g3 -Wall -fmessage-length=0 -ffunction-sections -c -fmessage-length=0 -MMD -MP -MF"Drivers/STM32F3xx_HAL_Driver/Src/stm32f3xx_hal_tim.d" -MT"Drivers/STM32F3xx_HAL_Driver/Src/stm32f3xx_hal_tim.o" -o "Drivers/STM32F3xx_HAL_Driver/Src/stm32f3xx_hal_tim.o" "../Drivers/STM32F3xx_HAL_Driver/Src/stm32f3xx_hal_tim.c"
Finished building: ../Drivers/STM32F3xx_HAL_Driver/Src/stm32f3xx_hal_tim.c
 
Building file: ../Drivers/STM32F3xx_HAL_Driver/Src/stm32f3xx_hal_tim_ex.c
Invoking: MCU GCC Compiler
C:\GitRepos\monochromator\fw_testdesk\Parsing2\Debug
arm-none-eabi-gcc -mcpu=cortex-m4 -mthumb -mfloat-abi=hard -mfpu=fpv4-sp-d16 '-D__weak=__attribute__((weak))' '-D__packed=__attribute__((__packed__))' -DUSE_HAL_DRIVER -DSTM32F303xE -I"C:/GitRepos/monochromator/fw_testdesk/Parsing2/Inc" -I"C:/GitRepos/monochromator/fw_testdesk/Parsing2/Drivers/STM32F3xx_HAL_Driver/Inc" -I"C:/GitRepos/monochromator/fw_testdesk/Parsing2/Drivers/STM32F3xx_HAL_Driver/Inc/Legacy" -I"C:/GitRepos/monochromator/fw_testdesk/Parsing2/Drivers/CMSIS/Device/ST/STM32F3xx/Include" -I"C:/GitRepos/monochromator/fw_testdesk/Parsing2/Drivers/CMSIS/Include"  -Og -g3 -Wall -fmessage-length=0 -ffunction-sections -c -fmessage-length=0 -MMD -MP -MF"Drivers/STM32F3xx_HAL_Driver/Src/stm32f3xx_hal_tim_ex.d" -MT"Drivers/STM32F3xx_HAL_Driver/Src/stm32f3xx_hal_tim_ex.o" -o "Drivers/STM32F3xx_HAL_Driver/Src/stm32f3xx_hal_tim_ex.o" "../Drivers/STM32F3xx_HAL_Driver/Src/stm32f3xx_hal_tim_ex.c"
Finished building: ../Drivers/STM32F3xx_HAL_Driver/Src/stm32f3xx_hal_tim_ex.c
 
Building file: ../Drivers/STM32F3xx_HAL_Driver/Src/stm32f3xx_hal_uart.c
Invoking: MCU GCC Compiler
C:\GitRepos\monochromator\fw_testdesk\Parsing2\Debug
arm-none-eabi-gcc -mcpu=cortex-m4 -mthumb -mfloat-abi=hard -mfpu=fpv4-sp-d16 '-D__weak=__attribute__((weak))' '-D__packed=__attribute__((__packed__))' -DUSE_HAL_DRIVER -DSTM32F303xE -I"C:/GitRepos/monochromator/fw_testdesk/Parsing2/Inc" -I"C:/GitRepos/monochromator/fw_testdesk/Parsing2/Drivers/STM32F3xx_HAL_Driver/Inc" -I"C:/GitRepos/monochromator/fw_testdesk/Parsing2/Drivers/STM32F3xx_HAL_Driver/Inc/Legacy" -I"C:/GitRepos/monochromator/fw_testdesk/Parsing2/Drivers/CMSIS/Device/ST/STM32F3xx/Include" -I"C:/GitRepos/monochromator/fw_testdesk/Parsing2/Drivers/CMSIS/Include"  -Og -g3 -Wall -fmessage-length=0 -ffunction-sections -c -fmessage-length=0 -MMD -MP -MF"Drivers/STM32F3xx_HAL_Driver/Src/stm32f3xx_hal_uart.d" -MT"Drivers/STM32F3xx_HAL_Driver/Src/stm32f3xx_hal_uart.o" -o "Drivers/STM32F3xx_HAL_Driver/Src/stm32f3xx_hal_uart.o" "../Drivers/STM32F3xx_HAL_Driver/Src/stm32f3xx_hal_uart.c"
Finished building: ../Drivers/STM32F3xx_HAL_Driver/Src/stm32f3xx_hal_uart.c
 
Building file: ../Drivers/STM32F3xx_HAL_Driver/Src/stm32f3xx_hal_uart_ex.c
Invoking: MCU GCC Compiler
C:\GitRepos\monochromator\fw_testdesk\Parsing2\Debug
arm-none-eabi-gcc -mcpu=cortex-m4 -mthumb -mfloat-abi=hard -mfpu=fpv4-sp-d16 '-D__weak=__attribute__((weak))' '-D__packed=__attribute__((__packed__))' -DUSE_HAL_DRIVER -DSTM32F303xE -I"C:/GitRepos/monochromator/fw_testdesk/Parsing2/Inc" -I"C:/GitRepos/monochromator/fw_testdesk/Parsing2/Drivers/STM32F3xx_HAL_Driver/Inc" -I"C:/GitRepos/monochromator/fw_testdesk/Parsing2/Drivers/STM32F3xx_HAL_Driver/Inc/Legacy" -I"C:/GitRepos/monochromator/fw_testdesk/Parsing2/Drivers/CMSIS/Device/ST/STM32F3xx/Include" -I"C:/GitRepos/monochromator/fw_testdesk/Parsing2/Drivers/CMSIS/Include"  -Og -g3 -Wall -fmessage-length=0 -ffunction-sections -c -fmessage-length=0 -MMD -MP -MF"Drivers/STM32F3xx_HAL_Driver/Src/stm32f3xx_hal_uart_ex.d" -MT"Drivers/STM32F3xx_HAL_Driver/Src/stm32f3xx_hal_uart_ex.o" -o "Drivers/STM32F3xx_HAL_Driver/Src/stm32f3xx_hal_uart_ex.o" "../Drivers/STM32F3xx_HAL_Driver/Src/stm32f3xx_hal_uart_ex.c"
Finished building: ../Drivers/STM32F3xx_HAL_Driver/Src/stm32f3xx_hal_uart_ex.c
 
Building target: Parsing.elf
Invoking: MCU GCC Linker
arm-none-eabi-gcc -mcpu=cortex-m4 -mthumb -mfloat-abi=hard -mfpu=fpv4-sp-d16 -specs=nosys.specs -specs=nano.specs -T"../STM32F303RETx_FLASH.ld" -Wl,-Map=output.map -Wl,--gc-sections -o "Parsing.elf" @"objects.list"   -lm
Finished building target: Parsing.elf
 
make --no-print-directory post-build
Generating binary and Printing size information:
arm-none-eabi-objcopy -O binary "Parsing.elf" "Parsing.bin"
arm-none-eabi-size "Parsing.elf"
   text	   data	    bss	    dec	    hex	filename
  12208	    496	   1744	  14448	   3870	Parsing.elf
 
20:22:23 **** Incremental Build of configuration Debug for project Parsing ****
make all 
make: Nothing to be done for 'all'.
